// Jest Snapshot v1, https://goo.gl/fbAQLP

exports[`SupportFormModal component Render body with default data 1`] = `
<div
  style={
    Object {
      "width": "350px",
    }
  }
>
  <div
    className="modal4content"
    style={
      Object {
        "textAlign": "justify",
      }
    }
  >
    Use this form to submit an issue to the Pathpoint development team. We will evaluate your issue and get back to you as soon as possible. Please make sure to provide as much context as possible in your message so we can properly evaluate the root cause and a level of an estimate to resolve it.
  </div>
  <div
    className="modal4content space"
  >
    <form
      className=""
      onSubmit={[MockFunction]}
    >
      <div
        className="form-group"
      >
        <div
          className="custom-select-wrapper"
          onClick={[Function]}
        >
          <div
            className="custom-select"
            style={Object {}}
          >
            <div
              className="custom-select__trigger"
            >
              <span
                style={
                  Object {
                    "overflow": "hidden",
                    "textOverflow": "ellipsis",
                    "whiteSpace": "nowrap",
                    "width": "230px",
                  }
                }
              >
                Data Error - It appears as though the data shown by Pathpoint is not consistent with the telemetry based on other NR1 visualizations.
              </span>
              <div
                className="arrow"
              />
            </div>
            <div
              className="custom-options"
              style={Object {}}
            >
              <span
                className="custom-option selected"
                onClick={[Function]}
              >
                Data Error - It appears as though the data shown by Pathpoint is not consistent with the telemetry based on other NR1 visualizations.
              </span>
              <span
                className="custom-option"
                onClick={[Function]}
              >
                Question or Comment - I have a general question about how Pathpoint works
              </span>
              <span
                className="custom-option"
                onClick={[Function]}
              >
                Bug - Something is not working as expected
              </span>
              <span
                className="custom-option"
                onClick={[Function]}
              >
                Feature Request - I have a request for a feature that will make my Pathpoint experience 
              </span>
              <span
                className="custom-option"
                onClick={[Function]}
              >
                Call Request - We would love to schedule a call with the Pathpoint team to discuss a complex customization request
              </span>
            </div>
          </div>
        </div>
      </div>
      <div
        className="form-group"
      >
        <input
          className="support-modal-input-text"
          id="formName"
          name="name"
          onChange={[MockFunction]}
          placeholder="Name"
          required={true}
          type="text"
        />
      </div>
      <div
        className="form-group"
      >
        <input
          className="support-modal-input-text"
          id="formCompany"
          name="company"
          onChange={[MockFunction]}
          placeholder="Company"
          required={true}
          type="text"
        />
      </div>
      <div
        className="form-group"
      >
        <input
          className="support-modal-input-text"
          id="formAccount"
          name="account"
          onChange={[MockFunction]}
          placeholder="Account Name"
          required={true}
          type="text"
        />
      </div>
      <div
        className="form-group"
      >
        <input
          className="support-modal-input-text"
          id="FormEmail"
          name="email"
          onChange={[MockFunction]}
          placeholder="Email"
          required={true}
          type="email"
        />
      </div>
      <div
        className="form-group"
      >
        <input
          className="support-modal-input-text"
          id="formMobile"
          name="phone"
          onChange={[MockFunction]}
          pattern="(([+][(]?[0-9]{1,3}[)]?)|([(]?[0-9]{4}[)]?))\\\\s*[)]?[-\\\\s\\\\.]?[(]?[0-9]{1,3}[)]?([-\\\\s\\\\.]?[0-9]{3})([-\\\\s\\\\.]?[0-9]{3,4})"
          placeholder="Mobile"
          required={true}
          type="phone"
        />
      </div>
      <div
        className="form-group"
      >
        <textarea
          className="support-modal-input-text"
          id="formDetails"
          name="message"
          onChange={[MockFunction]}
          placeholder="Details"
          required={true}
          rows={5}
        />
      </div>
      <div
        style={
          Object {
            "display": "flex",
            "justifyContent": "flex-end",
          }
        }
      >
        <button
          className="btn btn-default"
          color="primary"
          disabled={false}
          style={
            Object {
              "background": "#0178bf",
              "color": "white",
              "width": "45%",
            }
          }
          type="submit"
          variant="contained"
        >
          Submit
        </button>
      </div>
    </form>
  </div>
</div>
`;

exports[`SupportFormModal component Render header with default data 1`] = `
<div
  style={
    Object {
      "display": "flex",
    }
  }
>
  <div
    className="titleModal"
  >
    <img
      height="18"
      src="SvgrURL"
    />
     Support
  </div>
</div>
`;
